// Jest Snapshot v1, https://goo.gl/fbAQLP

exports[`ArticleList renders correctly 1`] = `
ShallowWrapper {
  "length": 1,
  Symbol(enzyme.__root__): [Circular],
  Symbol(enzyme.__unrendered__): <ArticleList
    articles={
      Object {
        "article_A": Object {
          "id": "article_A",
        },
        "article_B": Object {
          "id": "article_B",
        },
      }
    }
  />,
  Symbol(enzyme.__renderer__): Object {
    "batchedUpdates": [Function],
    "getNode": [Function],
    "render": [Function],
    "simulateEvent": [Function],
    "unmount": [Function],
  },
  Symbol(enzyme.__node__): Object {
    "instance": null,
    "key": undefined,
    "nodeType": "host",
    "props": Object {
      "children": Array [
        <ArticleContainer
          article={
            Object {
              "id": "article_A",
            }
          }
        />,
        <ArticleContainer
          article={
            Object {
              "id": "article_B",
            }
          }
        />,
      ],
    },
    "ref": null,
    "rendered": Array [
      Object {
        "instance": null,
        "key": "article_A",
        "nodeType": "class",
        "props": Object {
          "article": Object {
            "id": "article_A",
          },
        },
        "ref": null,
        "rendered": null,
        "type": [Function],
      },
      Object {
        "instance": null,
        "key": "article_B",
        "nodeType": "class",
        "props": Object {
          "article": Object {
            "id": "article_B",
          },
        },
        "ref": null,
        "rendered": null,
        "type": [Function],
      },
    ],
    "type": "div",
  },
  Symbol(enzyme.__nodes__): Array [
    Object {
      "instance": null,
      "key": undefined,
      "nodeType": "host",
      "props": Object {
        "children": Array [
          <ArticleContainer
            article={
              Object {
                "id": "article_A",
              }
            }
          />,
          <ArticleContainer
            article={
              Object {
                "id": "article_B",
              }
            }
          />,
        ],
      },
      "ref": null,
      "rendered": Array [
        Object {
          "instance": null,
          "key": "article_A",
          "nodeType": "class",
          "props": Object {
            "article": Object {
              "id": "article_A",
            },
          },
          "ref": null,
          "rendered": null,
          "type": [Function],
        },
        Object {
          "instance": null,
          "key": "article_B",
          "nodeType": "class",
          "props": Object {
            "article": Object {
              "id": "article_B",
            },
          },
          "ref": null,
          "rendered": null,
          "type": [Function],
        },
      ],
      "type": "div",
    },
  ],
  Symbol(enzyme.__options__): Object {
    "adapter": ReactSixteenAdapter {
      "options": Object {
        "enableComponentDidUpdateOnSetState": true,
      },
    },
  },
}
`;
